Added Component: Designator=J-LED(HDR_M_1X2)
Add component (AddParameter): Name = "ASSEMBLY"; Value = ""; VariantName = "[No Variations]"
Add component (AddParameter): Name = "DESC"; Value = ""; VariantName = "[No Variations]"
Add component (AddParameter): Name = "MANF"; Value = ""; VariantName = "[No Variations]"
Add component (AddParameter): Name = "MANF_P#"; Value = ""; VariantName = "[No Variations]"
Add component (AddParameter): Name = "PARAM"; Value = ""; VariantName = "[No Variations]"
Add component (AddParameter): Name = "PRICE"; Value = ""; VariantName = "[No Variations]"
Add component (AddParameter): Name = "VALUE"; Value = "HDRM2"; VariantName = "[No Variations]"
Added Component: Designator=J-V(HDR_M_1X3)
Add component (AddParameter): Name = "ASSEMBLY"; Value = ""; VariantName = "[No Variations]"
Add component (AddParameter): Name = "DESC"; Value = ""; VariantName = "[No Variations]"
Add component (AddParameter): Name = "MANF"; Value = ""; VariantName = "[No Variations]"
Add component (AddParameter): Name = "MANF_P#"; Value = ""; VariantName = "[No Variations]"
Add component (AddParameter): Name = "PARAM"; Value = ""; VariantName = "[No Variations]"
Add component (AddParameter): Name = "PRICE"; Value = ""; VariantName = "[No Variations]"
Add component (AddParameter): Name = "VALUE"; Value = "HDRM3"; VariantName = "[No Variations]"
Added Component: Designator=J?(JAC_PWR2)
Add component (AddParameter): Name = "MANF"; Value = "CUI STACK"; VariantName = "[No Variations]"
Add component (AddParameter): Name = "MANF_P#"; Value = "PJ-202A, PJ-002AH, PJ-102AH, KLDX-0202"; VariantName = "[No Variations]"
Add component (AddParameter): Name = "VALUE"; Value = "DC_POWER_JACK"; VariantName = "[No Variations]"
Added Component: Designator=M?(DC-DC-MODULE)
Added Component: Designator=R?(R025W_AX04)
Add component (AddParameter): Name = "ASSEMBLY"; Value = "ASSEMBLY"; VariantName = "[No Variations]"
Add component (AddParameter): Name = "DESC"; Value = "DESCRIPTION"; VariantName = "[No Variations]"
Add component (AddParameter): Name = "DIST#"; Value = "MOUSER"; VariantName = "[No Variations]"
Add component (AddParameter): Name = "MANF"; Value = "KOA SPEER"; VariantName = "[No Variations]"
Add component (AddParameter): Name = "MANF_P#"; Value = "RK73H1ETTP4701F"; VariantName = "[No Variations]"
Add component (AddParameter): Name = "PARAM"; Value = "0.063W"; VariantName = "[No Variations]"
Add component (AddParameter): Name = "PARAM2"; Value = "1%"; VariantName = "[No Variations]"
Add component (AddParameter): Name = "PRICE"; Value = "100= 0.5$"; VariantName = "[No Variations]"
Add component (AddParameter): Name = "VALUE"; Value = "10K"; VariantName = "[No Variations]"
Added Pin To Net: NetName=GND Pin=J-LED-2
Added Pin To Net: NetName=GND Pin=J-V-1
Added Pin To Net: NetName=GND Pin=J?-2
Added Pin To Net: NetName=GND Pin=J?-3
Added Pin To Net: NetName=GND Pin=M?-2
Added Pin To Net: NetName=GND Pin=M?-3
Added Net: Name=GND
Added Pin To Net: NetName=NetJ-LED_1 Pin=J-LED-1
Added Pin To Net: NetName=NetJ-LED_1 Pin=R?-1
Added Net: Name=NetJ-LED_1
Added Pin To Net: NetName=VCC Pin=J-V-2
Added Pin To Net: NetName=VCC Pin=J?-1
Added Pin To Net: NetName=VCC Pin=M?-1
Added Net: Name=VCC
Added Pin To Net: NetName=VOUT Pin=J-V-3
Added Pin To Net: NetName=VOUT Pin=M?-4
Added Pin To Net: NetName=VOUT Pin=R?-2
Added Net: Name=VOUT
Added Class: Name=Sheet1
